// Jest Snapshot v1, https://goo.gl/fbAQLP

exports[`Renders correctly 1`] = `
<footer
  className="Footer"
/>
`;

exports[`renders correctly 1`] = `
<footer
  className="Footer"
/>
`;
