// Jest Snapshot v1, https://goo.gl/fbAQLP

exports[`Renders correctly 1`] = `
<div
  className="Grid"
/>
`;

exports[`renders correctly 1`] = `
<div
  className="Grid"
/>
`;
